******************************************************************************
                  TI ARM Linker PC v5.2.5                      
******************************************************************************
>> Linked Tue Dec 15 19:18:10 2015

OUTPUT FILE NAME:   <can_halfdup.out>
ENTRY POINT SYMBOL: "_c_int00"  address: 00007890


MEMORY CONFIGURATION

         name            origin    length      used     unused   attr    fill
----------------------  --------  ---------  --------  --------  ----  --------
  VECTORS               00000000   00000020  00000020  00000000     X
  FLASH0                00000020   0017ffe0  00009698  00176948  R  X
  FLASH1                00180000   00180000  00000000  00180000  R  X
  STACKS                08000000   00001500  00000000  00001500  RW  
  RAM                   08001500   0003eb00  00000d02  0003ddfe  RW  


SEGMENT ALLOCATION MAP

run origin  load origin   length   init length attrs members
----------  ----------- ---------- ----------- ----- -------
00000000    00000000    000096b8   000096b8    r-x
  00000000    00000000    00000020   00000020    r-x .intvecs
  00000020    00000020    00009324   00009324    r-x .text
  00009344    00009344    000002a4   000002a4    r-- .const
  000095e8    000095e8    000000d0   000000d0    r-- .cinit
08001500    08001500    00000d04   00000000    rw-
  08001500    08001500    00000800   00000000    rw- .sysmem
  08001d00    08001d00    0000032e   00000000    rw- .data
  08002030    08002030    000001d4   00000000    rw- .bss


SECTION ALLOCATION MAP

 output                                  attributes/
section   page    origin      length       input sections
--------  ----  ----------  ----------   ----------------
.intvecs   0    00000000    00000020     
                  00000000    00000020     sys_intvecs.obj (.intvecs)

.text      0    00000020    00009324     
                  00000020    00002cdc     sys_selftest.obj (.text)
                  00002cfc    00001060     rtsv7R4_T_be_v3D16_eabi.lib : _printfi.obj (.text)
                  00003d5c    00000b28     system.obj (.text)
                  00004884    00000b08     can.obj (.text)
                  0000538c    0000089c     sys_vim.obj (.text)
                  00005c28    00000630     pinmux.obj (.text)
                  00006258    000005e8     esm.obj (.text)
                  00006840    000003e8     rtsv7R4_T_be_v3D16_eabi.lib : memory.obj (.text)
                  00006c28    000003cc     sys_core.obj (.text)
                  00006ff4    00000314     rtsv7R4_T_be_v3D16_eabi.lib : lowlev.obj (.text)
                  00007308    000002d0                                 : trgdrv.obj (.text)
                  000075d8    000002b8                                 : ull_div32.obj (.text)
                  00007890    00000298     sys_startup.obj (.text:retain)
                  00007b28    00000294     sys_vim.obj (.text:retain)
                  00007dbc    000001c8     rtsv7R4_T_be_v3D16_eabi.lib : fopen.obj (.text)
                  00007f84    00000138                                 : fputs.obj (.text)
                  000080bc    00000128     sys_main.obj (.text)
                  000081e4    00000118     rtsv7R4_T_be_v3D16_eabi.lib : xdscale.obj (.text)
                  000082fc    00000114     esm.obj (.text:retain)
                  00008410    00000110     sys_pmu.obj (.text)
                  00008520    00000100     can.obj (.text:retain)
                  00008620    000000e8     dabort.obj (.text)
                  00008708    000000dc     rtsv7R4_T_be_v3D16_eabi.lib : setvbuf.obj (.text)
                  000087e4    000000cc                                 : fflush.obj (.text)
                  000088b0    000000c6                                 : xdnorm.obj (.text)
                  00008976    000000ae                                 : _io_perm.obj (.text)
                  00008a24    000000a8     notification.obj (.text)
                  00008acc    0000009c     rtsv7R4_T_be_v3D16_eabi.lib : memcpy_t2.obj (.text)
                  00008b68    00000098                                 : fclose.obj (.text)
                  00008c00    00000098                                 : fputc.obj (.text)
                  00008c98    0000007a                                 : memset_t2.obj (.text)
                  00008d12    00000002     --HOLE-- [fill = 0]
                  00008d14    00000070                                 : printf.obj (.text)
                  00008d84    0000006c                                 : autoinit.obj (.text)
                  00008df0    0000006c                                 : trgmsg.obj (.text)
                  00008e5c    0000006a                                 : copy_decompress_rle.obj (.text)
                  00008ec6    00000002     --HOLE-- [fill = 0]
                  00008ec8    00000064                                 : fseek.obj (.text)
                  00008f2c    00000064                                 : xdunscal.obj (.text)
                  00008f90    00000056                                 : ltoa.obj (.text)
                  00008fe6    00000002     --HOLE-- [fill = 0]
                  00008fe8    00000050                                 : atoi.obj (.text)
                  00009038    0000004c                                 : cpy_tbl.obj (.text)
                  00009084    00000044                                 : ldexp.obj (.text)
                  000090c8    00000040                                 : exit.obj (.text)
                  00009108    00000040                                 : signal.obj (.text)
                  00009148    0000003c                                 : xdclass.obj (.text)
                  00009184    00000036                                 : strncpy.obj (.text)
                  000091ba    00000002     --HOLE-- [fill = 0]
                  000091bc    00000034                                 : feraiseexcept.obj (.text)
                  000091f0    00000034                                 : xferaise.obj (.text)
                  00009224    0000002e                                 : raise.obj (.text)
                  00009252    00000024                                 : frexp.obj (.text)
                  00009276    00000020                                 : memchr.obj (.text)
                  00009296    0000001c                                 : memccpy.obj (.text)
                  000092b2    00000018                                 : strcmp.obj (.text)
                  000092ca    00000016                                 : strchr.obj (.text)
                  000092e0    00000016                                 : strlen.obj (.text)
                  000092f6    00000002     --HOLE-- [fill = 0]
                  000092f8    00000014                                 : _lock.obj (.text)
                  0000930c    00000014                                 : strcpy.obj (.text)
                  00009320    0000000e                                 : copy_decompress_none.obj (.text:decompress:none)
                  0000932e    0000000c                                 : copy_zero_init.obj (.text:decompress:ZI)
                  0000933a    00000006                                 : copy_decompress_rle.obj (.text:decompress:rle24)
                  00009340    00000004     sys_phantom.obj (.text:retain)

.const     0    00009344    000002a4     
                  00009344    00000180     sys_vim.obj (.const:s_vim_init)
                  000094c4    00000101     rtsv7R4_T_be_v3D16_eabi.lib : ctype.obj (.const:.string:_ctypes_)
                  000095c5    00000003     --HOLE-- [fill = 0]
                  000095c8    00000020     can.obj (.const)

.cinit     0    000095e8    000000d0     
                  000095e8    000000ac     (.cinit..data.load) [load image, compression = rle]
                  00009694    0000000c     (__TI_handler_table)
                  000096a0    00000008     (.cinit..bss.load) [load image, compression = zero_init]
                  000096a8    00000010     (__TI_cinit_table)

.sysmem    0    08001500    00000800     UNINITIALIZED
                  08001500    00000008     rtsv7R4_T_be_v3D16_eabi.lib : memory.obj (.sysmem)
                  08001508    000007f8     --HOLE--

.data      0    08001d00    0000032e     UNINITIALIZED
                  08001d00    000000f0     rtsv7R4_T_be_v3D16_eabi.lib : defs.obj (.data:_ftable)
                  08001df0    000000d0                                 : lowlev.obj (.data)
                  08001ec0    000000b0                                 : signal.obj (.data:sigtable)
                  08001f70    00000080                                 : xvalues.obj (.data)
                  08001ff0    00000010                                 : defs.obj (.data)
                  08002000    0000000c                                 : memory.obj (.data)
                  0800200c    00000008                                 : _lock.obj (.data)
                  08002014    00000008                                 : exit.obj (.data)
                  0800201c    00000008                                 : feraiseexcept.obj (.data)
                  08002024    00000004                                 : errno.obj (.data)
                  08002028    00000004                                 : fopen.obj (.data)
                  0800202c    00000002     sys_main.obj (.data)

.TI.persistent 
*          0    08001d00    00000000     UNINITIALIZED

.bss       0    08002030    000001d4     UNINITIALIZED
                  08002030    00000120     rtsv7R4_T_be_v3D16_eabi.lib : trgmsg.obj (.bss:__CIOBUF_)
                  08002150    000000a0                                 : defs.obj (.bss:__TI_tmpnams)
                  080021f0    00000008     (.common:parmbuf)
                  080021f8    00000008     (.common:rx_data)
                  08002200    00000004     (.common:rx_ptr)

.TI.noinit 
*          0    08002030    00000000     UNINITIALIZED


LINKER GENERATED COPY TABLES

__TI_cinit_table @ 000096a8 records: 2, size/record: 8, table size: 16
	.data: load addr=000095e8, load size=000000ac bytes, run addr=08001d00, run size=0000032e bytes, compression=rle
	.bss: load addr=000096a0, load size=00000008 bytes, run addr=08002030, run size=000001d4 bytes, compression=zero_init


LINKER GENERATED HANDLER TABLE

__TI_handler_table @ 00009694 records: 3, size/record: 4, table size: 12
	index: 0, handler: __TI_zero_init
	index: 1, handler: __TI_decompress_rle24
	index: 2, handler: __TI_decompress_none


GLOBAL SYMBOLS: SORTED ALPHABETICALLY BY Name 

address   name                                
-------   ----                                
000090c9  C$$EXIT                             
00008e23  C$$IO$$                             
00007593  HOSTclock                           
0000755b  HOSTclose                           
0000751d  HOSTgetenv                          
000074c3  HOSTlseek                           
00007473  HOSTopen                            
00007425  HOSTread                            
000073c7  HOSTrename                          
0000738d  HOSTtime                            
00007355  HOSTunlink                          
00007309  HOSTwrite                           
UNDEFED   SHT$$INIT_ARRAY$$Base               
UNDEFED   SHT$$INIT_ARRAY$$Limit              
00009149  _Dclass                             
08001f70  _Denorm                             
000088b1  _Dnorm                              
000081e5  _Dscale                             
00008f2d  _Dunscale                           
08001f80  _Eps                                
08002024  _Errno                              
0800201c  _Fenv                               
000091f1  _Feraise                            
08001f90  _Hugeval                            
08001fa0  _Inf                                
08001fb0  _Nan                                
08001fd0  _Rteps                              
08001fc0  _Snan                               
08002020  _Tls_setup__Fenv                    
08001fe0  _Xbig                               
08001fe8  _Zero                               
08002030  __CIOBUF_                           
00000800  __SYSMEM_SIZE                       
000096a8  __TI_CINIT_Base                     
000096b8  __TI_CINIT_Limit                    
00009694  __TI_Handler_Table_Base             
000096a0  __TI_Handler_Table_Limit            
00006fec  __TI_PINIT_Base                     
00006ff0  __TI_PINIT_Limit                    
00008d85  __TI_auto_init                      
00007e87  __TI_cleanup                        
08002014  __TI_cleanup_ptr                    
00008b69  __TI_closefile                      
00009321  __TI_decompress_none                
0000933b  __TI_decompress_rle24               
000087e5  __TI_doflush                        
08002018  __TI_dtors_ptr                      
08001ff0  __TI_ft_end                         
00003a57  __TI_printfi                        
000089db  __TI_rd_ok                          
00008e27  __TI_readmsg                        
00000000  __TI_static_base__                  
08002150  __TI_tmpnams                        
00008df1  __TI_writemsg                       
00008977  __TI_wrt_ok                         
0000932f  __TI_zero_init                      
00008c99  __aeabi_memclr                      
00008c99  __aeabi_memclr4                     
00008c99  __aeabi_memclr8                     
00008acd  __aeabi_memcpy                      
00008acd  __aeabi_memcpy4                     
00008acd  __aeabi_memcpy8                     
00008c9b  __aeabi_memset                      
00008c9b  __aeabi_memset4                     
00008c9b  __aeabi_memset8                     
08001ffc  __aeabi_stderr                      
08001ff4  __aeabi_stdin                       
08001ff8  __aeabi_stdout                      
000075d8  __aeabi_uldivmod                    
ffffffff  __binit__                           
ffffffff  __c_args__                          
00007890  _c_int00                            
00006ee4  _coreClearAuxiliaryDataFault_       
00006f00  _coreClearAuxiliaryInstructionFault_
00006eac  _coreClearDataFaultAddress_         
00006e74  _coreClearDataFault_                
00006ec8  _coreClearInstructionFaultAddress_  
00006e90  _coreClearInstructionFault_         
00006dd8  _coreDisableEventBusExport_         
00006e3c  _coreDisableFlashEcc_               
00006e08  _coreDisableRamEcc_                 
00006dc0  _coreEnableEventBusExport_          
00006e20  _coreEnableFlashEcc_                
00006e54  _coreEnableIrqVicOffset_            
00006df0  _coreEnableRamEcc_                  
00006da0  _coreEnableVfp_                     
00006edc  _coreGetAuxiliaryDataFault_         
00006ef8  _coreGetAuxiliaryInstructionFault_  
00006ea4  _coreGetDataFaultAddress_           
00006e6c  _coreGetDataFault_                  
00006ec0  _coreGetInstructionFaultAddress_    
00006e88  _coreGetInstructionFault_           
00006c28  _coreInitRegisters_                 
00006d34  _coreInitStackPointer_              
000094c4  _ctypes_                            
00008620  _dabort                             
00006f1c  _disable_FIQ_interrupt_             
00006f24  _disable_IRQ_interrupt_             
00006f14  _disable_interrupt_                 
00006f2c  _enable_interrupt_                  
00006fbc  _errata_CORTEXR4_57_                
00006fd4  _errata_CORTEXR4_66_                
00006f34  _esmCcmErrorsClear_                 
08001d00  _ftable                             
00006d80  _getCPSRValue_                      
00006d88  _gotoCPUIdle_                       
0800200c  _lock                               
00009307  _nop                                
0000847c  _pmuDisableCountersGlobal_          
00008464  _pmuEnableCountersGlobal_           
000084f8  _pmuGetCycleCount_                  
00008500  _pmuGetEventCount_                  
0000850c  _pmuGetOverflow_                    
00008410  _pmuInit_                           
000084c4  _pmuResetCounters_                  
00008494  _pmuResetCycleCounter_              
000084ac  _pmuResetEventCounters_             
000084ec  _pmuSetCountEvent_                  
000084dc  _pmuStartCounters_                  
000084e4  _pmuStopCounters_                   
000092ff  _register_lock                      
000092f9  _register_unlock                    
08001500  _sys_memory                         
08002010  _unlock                             
000090cd  abort                               
0000126c  adc1ParityCheck                     
00001358  adc2ParityCheck                     
0000725d  add_device                          
00008fe9  atoi                                
ffffffff  binit                               
00006bf3  calloc                              
000051bc  can1GetConfigValue                  
00008520  can1HighLevelInterrupt              
00001410  can1ParityCheck                     
000014e8  can2ParityCheck                     
000015b0  can3ParityCheck                     
0000505c  canDisableErrorNotification         
0000503c  canDisableStatusChangeNotification  
000050b4  canDisableloopback                  
00004ffc  canEnableErrorNotification          
0000501c  canEnableStatusChangeNotification   
0000507c  canEnableloopback                   
00008a7c  canErrorNotification                
00004da4  canFillMessageObjectData            
00004acc  canGetData                          
00004fd8  canGetErrorLevel                    
00004c24  canGetID                            
00004fb4  canGetLastError                     
00004884  canInit                             
000051a0  canIoRxGetBit                       
000050e4  canIoSetDirection                   
00005134  canIoSetPort                        
00005184  canIoTxGetBit                       
00004f58  canIsMessageBoxValid                
00004efc  canIsRxMessageArrived               
00004ea0  canIsTxMessagePending               
00008164  canMessageNotification              
00004d04  canSendRemoteFrame                  
00008a90  canStatusChangeNotification         
000049d0  canTransmit                         
00004c8c  canUpdateID                         
00000030  ccmSelfCheck                        
000026fc  ccmr4GetConfigValue                 
00000938  checkB0RAMECC                       
00000b28  checkB1RAMECC                       
00001c18  checkClockMonitor                   
00000d18  checkFlashECC                       
00001cf4  checkFlashEEPROMECC                 
00001e8c  checkPLL1Slip                       
00001f8c  checkPLL2Slip                       
00002050  checkRAMAddrParity                  
000019d0  checkRAMECC                         
0000215c  checkRAMUERRTest                    
000007bc  checkefcSelfTest                    
0000720f  close                               
00009039  copy_in                             
00000234  cpuSelfTest                         
00000dfc  cpuSelfTestFail                     
00000df4  custom_dabort                       
00002b58  disableParity                       
00008ab8  dmaGroupANotification               
00000eac  dmaParityCheck                      
00000660  efcCheck                            
00002660  efcGetConfigValue                   
00000794  efcSelfTest                         
000006e8  efcStuckZeroTest                    
00002ad0  enableParity                        
0000276c  errata_PBIST_4                      
000063e4  esmActivateNormalOperation          
000064c8  esmClearStatus                      
00006514  esmClearStatusBuffer                
000063a8  esmDisableError                     
00006420  esmDisableInterrupt                 
0000637c  esmEnableError                      
000063f4  esmEnableInterrupt                  
00006614  esmEnterSelfTest                    
00006360  esmError                            
000066ec  esmGetConfigValue                   
00006550  esmGetStatus                        
000065dc  esmGetStatusBuffer                  
00008a24  esmGroup1Notification               
00008a34  esmGroup2Notification               
000082fc  esmHighInterrupt                    
00006258  esmInit                             
0000669c  esmSelfTestStatus                   
00006530  esmSetCounterPreloadValue           
0000644c  esmSetInterruptLevel                
000063d4  esmTriggerErrorPinReset             
000090d5  exit                                
00008bcf  fclose                              
000091bd  feraiseexcept                       
00008831  fflush                              
000022c4  fmcBus1ParityCheck                  
0000085c  fmcBus2Check                        
00000898  fmcECCcheck                         
00007edd  fopen                               
00008c01  fputc                               
00007f85  fputs                               
00006933  free                                
00007eb3  freopen                             
00009253  frexp                               
00008ec9  fseek                               
00000f58  het1ParityCheck                     
000010c0  het2ParityCheck                     
00001004  htu1ParityCheck                     
000011bc  htu2ParityCheck                     
00009085  ldexp                               
000071eb  lseek                               
00008f91  ltoa                                
000080bc  main                                
000068cb  malloc                              
00003e98  mapClocks                           
00006b05  memalign                            
00009297  memccpy                             
00009277  memchr                              
00008acd  memcpy                              
00000174  memoryInit                          
00008a44  memoryPort0TestFailNotification     
00008a60  memoryPort1TestFailNotification     
00008ca1  memset                              
00001684  mibspi1ParityCheck                  
0000178c  mibspi3ParityCheck                  
000018b0  mibspi5ParityCheck                  
00006841  minit                               
00005c28  muxInit                             
00007135  open                                
000023ec  pbistFail                           
00002470  pbistGetConfigValue                 
000005a8  pbistIsTestCompleted                
000005d4  pbistIsTestPassed                   
00000608  pbistPortTestStatus                 
000004ac  pbistRun                            
000002cc  pbistSelfCheck                      
00000578  pbistStop                           
00003e44  periphInit                          
00009340  phantomInterrupt                    
00005fac  pinmuxGetConfigValue                
00008d1d  printf                              
00008c01  putc                                
00008c87  putchar                             
00008095  puts                                
00009225  raise                               
00007111  read                                
000069f5  realloc                             
00007089  remove                              
000070e9  remove_device                       
000070ab  rename                              
00000000  resetEntry                          
080021f8  rx_data                             
0800202c  rx_flag                             
08002200  rx_ptr                              
00000020  selftestFailNotification            
00003e04  setupFlash                          
00003d5c  setupPLL                            
00008709  setvbuf                             
00009109  signal                              
0000467c  sramGetConfigValue                  
000025bc  stcGetConfigValue                   
000001b8  stcSelfCheck                        
00000df8  stcSelfCheckFail                    
000092cb  strchr                              
000092b3  strcmp                              
0000930d  strcpy                              
000092e1  strlen                              
00009185  strncpy                             
000040bc  systemGetConfigValue                
00003fc0  systemInit                          
0000408c  systemPowerDown                     
000044d0  tcmflashGetConfigValue              
00003dbc  trimLPO                             
0800202d  tx_flag                             
00007089  unlink                              
00005460  vimChannelMap                       
0000565c  vimDisableInterrupt                 
00005504  vimEnableInterrupt                  
000056e0  vimGetConfigValue                   
0000538c  vimInit                             
00000e00  vimParityCheck                      
00007b28  vimParityErrorHandler               
00006ff5  write                               


GLOBAL SYMBOLS: SORTED BY Symbol Address 

address   name                                
-------   ----                                
00000000  __TI_static_base__                  
00000000  resetEntry                          
00000020  selftestFailNotification            
00000030  ccmSelfCheck                        
00000174  memoryInit                          
000001b8  stcSelfCheck                        
00000234  cpuSelfTest                         
000002cc  pbistSelfCheck                      
000004ac  pbistRun                            
00000578  pbistStop                           
000005a8  pbistIsTestCompleted                
000005d4  pbistIsTestPassed                   
00000608  pbistPortTestStatus                 
00000660  efcCheck                            
000006e8  efcStuckZeroTest                    
00000794  efcSelfTest                         
000007bc  checkefcSelfTest                    
00000800  __SYSMEM_SIZE                       
0000085c  fmcBus2Check                        
00000898  fmcECCcheck                         
00000938  checkB0RAMECC                       
00000b28  checkB1RAMECC                       
00000d18  checkFlashECC                       
00000df4  custom_dabort                       
00000df8  stcSelfCheckFail                    
00000dfc  cpuSelfTestFail                     
00000e00  vimParityCheck                      
00000eac  dmaParityCheck                      
00000f58  het1ParityCheck                     
00001004  htu1ParityCheck                     
000010c0  het2ParityCheck                     
000011bc  htu2ParityCheck                     
0000126c  adc1ParityCheck                     
00001358  adc2ParityCheck                     
00001410  can1ParityCheck                     
000014e8  can2ParityCheck                     
000015b0  can3ParityCheck                     
00001684  mibspi1ParityCheck                  
0000178c  mibspi3ParityCheck                  
000018b0  mibspi5ParityCheck                  
000019d0  checkRAMECC                         
00001c18  checkClockMonitor                   
00001cf4  checkFlashEEPROMECC                 
00001e8c  checkPLL1Slip                       
00001f8c  checkPLL2Slip                       
00002050  checkRAMAddrParity                  
0000215c  checkRAMUERRTest                    
000022c4  fmcBus1ParityCheck                  
000023ec  pbistFail                           
00002470  pbistGetConfigValue                 
000025bc  stcGetConfigValue                   
00002660  efcGetConfigValue                   
000026fc  ccmr4GetConfigValue                 
0000276c  errata_PBIST_4                      
00002ad0  enableParity                        
00002b58  disableParity                       
00003a57  __TI_printfi                        
00003d5c  setupPLL                            
00003dbc  trimLPO                             
00003e04  setupFlash                          
00003e44  periphInit                          
00003e98  mapClocks                           
00003fc0  systemInit                          
0000408c  systemPowerDown                     
000040bc  systemGetConfigValue                
000044d0  tcmflashGetConfigValue              
0000467c  sramGetConfigValue                  
00004884  canInit                             
000049d0  canTransmit                         
00004acc  canGetData                          
00004c24  canGetID                            
00004c8c  canUpdateID                         
00004d04  canSendRemoteFrame                  
00004da4  canFillMessageObjectData            
00004ea0  canIsTxMessagePending               
00004efc  canIsRxMessageArrived               
00004f58  canIsMessageBoxValid                
00004fb4  canGetLastError                     
00004fd8  canGetErrorLevel                    
00004ffc  canEnableErrorNotification          
0000501c  canEnableStatusChangeNotification   
0000503c  canDisableStatusChangeNotification  
0000505c  canDisableErrorNotification         
0000507c  canEnableloopback                   
000050b4  canDisableloopback                  
000050e4  canIoSetDirection                   
00005134  canIoSetPort                        
00005184  canIoTxGetBit                       
000051a0  canIoRxGetBit                       
000051bc  can1GetConfigValue                  
0000538c  vimInit                             
00005460  vimChannelMap                       
00005504  vimEnableInterrupt                  
0000565c  vimDisableInterrupt                 
000056e0  vimGetConfigValue                   
00005c28  muxInit                             
00005fac  pinmuxGetConfigValue                
00006258  esmInit                             
00006360  esmError                            
0000637c  esmEnableError                      
000063a8  esmDisableError                     
000063d4  esmTriggerErrorPinReset             
000063e4  esmActivateNormalOperation          
000063f4  esmEnableInterrupt                  
00006420  esmDisableInterrupt                 
0000644c  esmSetInterruptLevel                
000064c8  esmClearStatus                      
00006514  esmClearStatusBuffer                
00006530  esmSetCounterPreloadValue           
00006550  esmGetStatus                        
000065dc  esmGetStatusBuffer                  
00006614  esmEnterSelfTest                    
0000669c  esmSelfTestStatus                   
000066ec  esmGetConfigValue                   
00006841  minit                               
000068cb  malloc                              
00006933  free                                
000069f5  realloc                             
00006b05  memalign                            
00006bf3  calloc                              
00006c28  _coreInitRegisters_                 
00006d34  _coreInitStackPointer_              
00006d80  _getCPSRValue_                      
00006d88  _gotoCPUIdle_                       
00006da0  _coreEnableVfp_                     
00006dc0  _coreEnableEventBusExport_          
00006dd8  _coreDisableEventBusExport_         
00006df0  _coreEnableRamEcc_                  
00006e08  _coreDisableRamEcc_                 
00006e20  _coreEnableFlashEcc_                
00006e3c  _coreDisableFlashEcc_               
00006e54  _coreEnableIrqVicOffset_            
00006e6c  _coreGetDataFault_                  
00006e74  _coreClearDataFault_                
00006e88  _coreGetInstructionFault_           
00006e90  _coreClearInstructionFault_         
00006ea4  _coreGetDataFaultAddress_           
00006eac  _coreClearDataFaultAddress_         
00006ec0  _coreGetInstructionFaultAddress_    
00006ec8  _coreClearInstructionFaultAddress_  
00006edc  _coreGetAuxiliaryDataFault_         
00006ee4  _coreClearAuxiliaryDataFault_       
00006ef8  _coreGetAuxiliaryInstructionFault_  
00006f00  _coreClearAuxiliaryInstructionFault_
00006f14  _disable_interrupt_                 
00006f1c  _disable_FIQ_interrupt_             
00006f24  _disable_IRQ_interrupt_             
00006f2c  _enable_interrupt_                  
00006f34  _esmCcmErrorsClear_                 
00006fbc  _errata_CORTEXR4_57_                
00006fd4  _errata_CORTEXR4_66_                
00006fec  __TI_PINIT_Base                     
00006ff0  __TI_PINIT_Limit                    
00006ff5  write                               
00007089  remove                              
00007089  unlink                              
000070ab  rename                              
000070e9  remove_device                       
00007111  read                                
00007135  open                                
000071eb  lseek                               
0000720f  close                               
0000725d  add_device                          
00007309  HOSTwrite                           
00007355  HOSTunlink                          
0000738d  HOSTtime                            
000073c7  HOSTrename                          
00007425  HOSTread                            
00007473  HOSTopen                            
000074c3  HOSTlseek                           
0000751d  HOSTgetenv                          
0000755b  HOSTclose                           
00007593  HOSTclock                           
000075d8  __aeabi_uldivmod                    
00007890  _c_int00                            
00007b28  vimParityErrorHandler               
00007e87  __TI_cleanup                        
00007eb3  freopen                             
00007edd  fopen                               
00007f85  fputs                               
00008095  puts                                
000080bc  main                                
00008164  canMessageNotification              
000081e5  _Dscale                             
000082fc  esmHighInterrupt                    
00008410  _pmuInit_                           
00008464  _pmuEnableCountersGlobal_           
0000847c  _pmuDisableCountersGlobal_          
00008494  _pmuResetCycleCounter_              
000084ac  _pmuResetEventCounters_             
000084c4  _pmuResetCounters_                  
000084dc  _pmuStartCounters_                  
000084e4  _pmuStopCounters_                   
000084ec  _pmuSetCountEvent_                  
000084f8  _pmuGetCycleCount_                  
00008500  _pmuGetEventCount_                  
0000850c  _pmuGetOverflow_                    
00008520  can1HighLevelInterrupt              
00008620  _dabort                             
00008709  setvbuf                             
000087e5  __TI_doflush                        
00008831  fflush                              
000088b1  _Dnorm                              
00008977  __TI_wrt_ok                         
000089db  __TI_rd_ok                          
00008a24  esmGroup1Notification               
00008a34  esmGroup2Notification               
00008a44  memoryPort0TestFailNotification     
00008a60  memoryPort1TestFailNotification     
00008a7c  canErrorNotification                
00008a90  canStatusChangeNotification         
00008ab8  dmaGroupANotification               
00008acd  __aeabi_memcpy                      
00008acd  __aeabi_memcpy4                     
00008acd  __aeabi_memcpy8                     
00008acd  memcpy                              
00008b69  __TI_closefile                      
00008bcf  fclose                              
00008c01  fputc                               
00008c01  putc                                
00008c87  putchar                             
00008c99  __aeabi_memclr                      
00008c99  __aeabi_memclr4                     
00008c99  __aeabi_memclr8                     
00008c9b  __aeabi_memset                      
00008c9b  __aeabi_memset4                     
00008c9b  __aeabi_memset8                     
00008ca1  memset                              
00008d1d  printf                              
00008d85  __TI_auto_init                      
00008df1  __TI_writemsg                       
00008e23  C$$IO$$                             
00008e27  __TI_readmsg                        
00008ec9  fseek                               
00008f2d  _Dunscale                           
00008f91  ltoa                                
00008fe9  atoi                                
00009039  copy_in                             
00009085  ldexp                               
000090c9  C$$EXIT                             
000090cd  abort                               
000090d5  exit                                
00009109  signal                              
00009149  _Dclass                             
00009185  strncpy                             
000091bd  feraiseexcept                       
000091f1  _Feraise                            
00009225  raise                               
00009253  frexp                               
00009277  memchr                              
00009297  memccpy                             
000092b3  strcmp                              
000092cb  strchr                              
000092e1  strlen                              
000092f9  _register_unlock                    
000092ff  _register_lock                      
00009307  _nop                                
0000930d  strcpy                              
00009321  __TI_decompress_none                
0000932f  __TI_zero_init                      
0000933b  __TI_decompress_rle24               
00009340  phantomInterrupt                    
000094c4  _ctypes_                            
00009694  __TI_Handler_Table_Base             
000096a0  __TI_Handler_Table_Limit            
000096a8  __TI_CINIT_Base                     
000096b8  __TI_CINIT_Limit                    
08001500  _sys_memory                         
08001d00  _ftable                             
08001f70  _Denorm                             
08001f80  _Eps                                
08001f90  _Hugeval                            
08001fa0  _Inf                                
08001fb0  _Nan                                
08001fc0  _Snan                               
08001fd0  _Rteps                              
08001fe0  _Xbig                               
08001fe8  _Zero                               
08001ff0  __TI_ft_end                         
08001ff4  __aeabi_stdin                       
08001ff8  __aeabi_stdout                      
08001ffc  __aeabi_stderr                      
0800200c  _lock                               
08002010  _unlock                             
08002014  __TI_cleanup_ptr                    
08002018  __TI_dtors_ptr                      
0800201c  _Fenv                               
08002020  _Tls_setup__Fenv                    
08002024  _Errno                              
0800202c  rx_flag                             
0800202d  tx_flag                             
08002030  __CIOBUF_                           
08002150  __TI_tmpnams                        
080021f8  rx_data                             
08002200  rx_ptr                              
ffffffff  __binit__                           
ffffffff  __c_args__                          
ffffffff  binit                               
UNDEFED   SHT$$INIT_ARRAY$$Base               
UNDEFED   SHT$$INIT_ARRAY$$Limit              

[300 symbols]
